// Jest Snapshot v1, https://goo.gl/fbAQLP

exports[`Pruebas en <PrimeraApp /> should render <PrimeraApp /> correctly 1`] = `
<Fragment>
  <h1>
    Hola, Soy Goku
  </h1>
  <p>
    Mi primera aplicaci√≥n
  </p>
</Fragment>
`;
